Processing esp32doit-devkit-v1 (platform: espressif32; board: esp32doit-devkit-v1; framework: arduino)
--------------------------------------------------------------------------------
Verbose mode can be enabled via `-v, --verbose` option
CONFIGURATION: https://docs.platformio.org/page/boards/espressif32/esp32doit-devkit-v1.html
PLATFORM: Espressif 32 (55.3.35) > DOIT ESP32 DEVKIT V1
HARDWARE: ESP32 240MHz, 320KB RAM, 4MB Flash
DEBUG: Current (cmsis-dap) External (cmsis-dap, esp-bridge, esp-prog, iot-bus-jtag, jlink, minimodule, olimex-arm-usb-ocd, olimex-arm-usb-ocd-h, olimex-arm-usb-tiny-h, olimex-jtag-tiny, tumpa)
PACKAGES: 
 - contrib-piohome @ 3.4.4 
 - framework-arduinoespressif32 @ 3.3.5 
 - framework-arduinoespressif32-libs @ 5.5.0+sha.9bb7aa84fe 
 - tool-esptoolpy @ 5.1.0 
 - tool-mklittlefs @ 3.2.0 
 - toolchain-xtensa-esp-elf @ 14.2.0+20251107
*** Applied include path shortening for 293 framework paths ***
*** Path length reduced from 33777 to ~11893 characters ***
*** Estimated savings: 21389 characters ***
LDF: Library Dependency Finder -> https://bit.ly/configure-pio-ldf
LDF Modes: Finder ~ chain, Compatibility ~ soft
Found 62 compatible libraries
Scanning dependencies...
Dependency Graph
|-- Adafruit BMP280 Library @ 2.6.8
|-- ESP32Servo @ 3.0.9
|-- SPIFlash @ 101.1.3
|-- ArduinoEigen @ 0.3.2
|-- AttitudeEstimator
|-- BarometricSensor
|-- DataManager
|-- FlightController
|-- KalmanFilter
|-- IMUSensor
|-- Sinalizacao
|-- EEPROM @ 3.3.5
|-- SPI @ 3.3.5
|-- Wire @ 3.3.5
Building in release mode
Compiling .pio\build\esp32doit-devkit-v1\lib6ba\ModuleMPU9250\Funcoes_suporte_IMU.cpp.o
lib/ModuleMPU9250/Funcoes_suporte_IMU.cpp:622:2: error: #endif without #if
  622 | #endif
      |  ^~~~~
lib/ModuleMPU9250/Funcoes_suporte_IMU.cpp: In function 'float computeNetAcceleration(bool, float, float, float, bool)':
lib/ModuleMPU9250/Funcoes_suporte_IMU.cpp:522:16: error: 'mpu' was not declared in this scope
  522 |     float qx = mpu.getQuaternionX();
      |                ^~~
lib/ModuleMPU9250/Funcoes_suporte_IMU.cpp:536:16: error: 'flightIMU' was not declared in this scope
  536 |         ax_g = flightIMU.getAccX(); ay_g = flightIMU.getAccY(); az_g = flightIMU.getAccZ();
      |                ^~~~~~~~~
lib/ModuleMPU9250/Funcoes_suporte_IMU.cpp:542:9: error: 'Serial' was not declared in this scope
  542 |         Serial.print("qx: ");
      |         ^~~~~~
lib/ModuleMPU9250/Funcoes_suporte_IMU.cpp:580:72: error: 'G_GRAVITATIONAL_CONSTANT' was not declared in this scope
  580 |     float netVerticalAcceleration_ms2 = -(worldZAcceleration - 1.0f) * G_GRAVITATIONAL_CONSTANT;
      |                                                                        ^~~~~~~~~~~~~~~~~~~~~~~~
lib/ModuleMPU9250/Funcoes_suporte_IMU.cpp:584:9: error: 'abs' was not declared in this scope
  584 |     if (abs(netVerticalAcceleration_ms2) < 0.2f) {
      |         ^~~
lib/ModuleMPU9250/Funcoes_suporte_IMU.cpp: In function 'void test_fine_tuning()':
lib/ModuleMPU9250/Funcoes_suporte_IMU.cpp:595:5: error: 'DEBUG_PRINTLN_F' was not declared in this scope
  595 |     DEBUG_PRINTLN_F("\n--- STARTING ITERATIVE IMU FINE-TUNING TEST ---");
      |     ^~~~~~~~~~~~~~~
lib/ModuleMPU9250/Funcoes_suporte_IMU.cpp:602:22: error: 'adjustCalibrationIteratively' was not declared in this scope
  602 |     fineTuningDone = adjustCalibrationIteratively(
      |                      ^~~~~~~~~~~~~~~~~~~~~~~~~~~~
lib/ModuleMPU9250/Funcoes_suporte_IMU.cpp:612:9: error: 'signalSuccessfullModule' was not declared in this scope
  612 |         signalSuccessfullModule("IMU Fine Tune");
      |         ^~~~~~~~~~~~~~~~~~~~~~~
lib/ModuleMPU9250/Funcoes_suporte_IMU.cpp:614:9: error: 'delay' was not declared in this scope
  614 |         delay(5000);
      |         ^~~~~
lib/ModuleMPU9250/Funcoes_suporte_IMU.cpp:616:9: error: 'signalFailedModule' was not declared in this scope
  616 |         signalFailedModule("IMU Fine Tune");
      |         ^~~~~~~~~~~~~~~~~~
lib/ModuleMPU9250/Funcoes_suporte_IMU.cpp:618:9: error: 'delay' was not declared in this scope
  618 |         delay(5000);
      |         ^~~~~
*** [.pio\build\esp32doit-devkit-v1\lib6ba\ModuleMPU9250\Funcoes_suporte_IMU.cpp.o] Error 1
========================== [FAILED] Took 6.37 seconds ==========================
